<html>
<body>
<pre>
<h1>礦ision Build Log</h1>
<h2>Tool Versions:</h2>
IDE-Version: μVision V5.14.0.0
Copyright (C) 2015 ARM Ltd and ARM Germany GmbH. All rights reserved.
License Information: 1 LYH20040123@outlook.com, 1, LIC=03C6R-KX2VB-JJE6S-L82NE-D1AVI-N8P5Y
 
Tool Versions:
Toolchain:       MDK-ARM Standard  Version: 5.14.0.0
Toolchain Path:  D:\Downloads\InstalledApp\Keil_ARM\ARM\ARMCC\Bin
C Compiler:      Armcc.exe V5.05 update 1 (build 106)
Assembler:       Armasm.exe V5.05 update 1 (build 106)
Linker/Locator:  ArmLink.exe V5.05 update 1 (build 106)
Library Manager: ArmAr.exe V5.05 update 1 (build 106)
Hex Converter:   FromElf.exe V5.05 update 1 (build 106)
CPU DLL:         SARMCM3.DLL V5.14.0.0
Dialog DLL:      DARMSTM.DLL V1.65.0.0
Target DLL:      Segger\JL2CM3.dll V2.99.13.0
Dialog DLL:      TARMSTM.DLL V1.64.0.0
 
<h2>Project:</h2>
D:\华为云盘\IoT-Project\用于医疗的排尿预警器\测阻抗方案硬件研究\原工程文件\检测设备程序\AD5933-每次采样200(实际使用)\Project\AD5933.uvprojx
Project File Date:  06/23/2024

<h2>Output:</h2>
Build target 'AD5933'
assembling startup_stm32f10x_md.s...
compiling core_cm3.c...
compiling system_stm32f10x.c...
compiling misc.c...
compiling stm32f10x_adc.c...
compiling stm32f10x_bkp.c...
compiling stm32f10x_can.c...
compiling stm32f10x_cec.c...
compiling stm32f10x_crc.c...
compiling stm32f10x_dac.c...
compiling stm32f10x_dbgmcu.c...
compiling stm32f10x_dma.c...
compiling stm32f10x_exti.c...
compiling stm32f10x_flash.c...
compiling stm32f10x_fsmc.c...
compiling stm32f10x_gpio.c...
compiling stm32f10x_i2c.c...
compiling stm32f10x_iwdg.c...
compiling stm32f10x_pwr.c...
compiling stm32f10x_rcc.c...
compiling stm32f10x_rtc.c...
compiling stm32f10x_sdio.c...
compiling stm32f10x_spi.c...
compiling stm32f10x_tim.c...
compiling stm32f10x_usart.c...
compiling stm32f10x_wwdg.c...
compiling stm32f10x_it.c...
compiling main.c...
..\User\main.c(125): warning:  #1-D: last line of file ends without a newline
  }
..\User\main.c: 1 warning, 0 errors
compiling delay.c...
compiling sys.c...
compiling usart.c...
compiling ad5933.c...
..\User\ad5933.c(174): warning:  #177-D: variable "Impedance" was declared but never referenced
        double Magnitude, Impedance;//DFT幅度值,阻抗值
..\User\ad5933.c: 1 warning, 0 errors
linking...
Program Size: Code=16276 RO-data=588 RW-data=152 ZI-data=1632  
FromELF: creating hex file...
"..\Output\AD5933.axf" - 0 Error(s), 2 Warning(s).

<h2>Collection of Component include folders:</h2>
  D:\华为云盘\IoT-Project\用于医疗的排尿预警器\测阻抗方案硬件研究\原工程文件\检测设备程序\AD5933-每次采样200(实际使用)\Project\RTE
  D:\Downloads\InstalledApp\Keil_ARM\ARM\PACK\Keil\STM32F1xx_DFP\2.2.0

<h2>Collection of Component Files used:</h2>
</pre>
</body>
</html>
